// Jest Snapshot v1, https://goo.gl/fbAQLP

exports[`Routing logic Middleware Setting new films should update the films path: joker 1`] = `"<?xml version=\\"1.0\\" encoding=\\"utf-8\\"?><d:multistatus xmlns:d=\\"DAV:\\"><d:response><d:href>/best/films/joker.mp4</d:href><d:propstat><d:prop><d:displayname>joker.mp4</d:displayname><d:getcontentlength>78643200</d:getcontentlength><d:getcontenttype>video/mp4</d:getcontenttype></d:prop><d:status>HTTP/1.1 200 OK</d:status></d:propstat></d:response></d:multistatus>"`;
