// Jest Snapshot v1, https://goo.gl/fbAQLP

exports[`Server Logic Path "/best/films" should return Joker when given Authorization header 1`] = `"<?xml version=\\"1.0\\" encoding=\\"utf-8\\"?><d:multistatus xmlns:d=\\"DAV:\\"><d:response><d:href>/best/films/joker-2019.mkv</d:href><d:propstat><d:prop><d:displayname>joker-2019.mkv</d:displayname><d:getcontentlength>524288000</d:getcontentlength><d:getcontenttype>video/x-matroska</d:getcontenttype></d:prop><d:status>HTTP/1.1 200 OK</d:status></d:propstat></d:response></d:multistatus>"`;
