// Jest Snapshot v1, https://goo.gl/fbAQLP

exports[`WebDAV Specification Parsing File XML Object should be parsed into the right XML 1`] = `"<?xml version=\\"1.0\\" encoding=\\"utf-8\\"?><d:multistatus xmlns:d=\\"DAV:\\"><d:response><d:href>/best/films/test.mp4</d:href><d:propstat><d:prop><d:displayname>test.mp4</d:displayname><d:getcontentlength>20971520</d:getcontentlength><d:getcontenttype>video/mp4</d:getcontenttype><d:getlastmodified>Sat, 02 Nov 2019 12:48:40 GMT</d:getlastmodified></d:prop><d:status>HTTP/1.1 200 OK</d:status></d:propstat></d:response></d:multistatus>"`;

exports[`WebDAV Specification Parsing Folder XML Object should be parsed into the right XML 1`] = `"<?xml version=\\"1.0\\" encoding=\\"utf-8\\"?><d:multistatus xmlns:d=\\"DAV:\\"><d:response><d:href>/best/films</d:href><d:propstat><d:prop><d:displayname>films</d:displayname><d:resourcetype><d:collection/></d:resourcetype></d:prop><d:status>HTTP/1.1 200 OK</d:status></d:propstat></d:response></d:multistatus>"`;
