// Jest Snapshot v1, https://goo.gl/fbAQLP

exports[`Webdav formatting Format to XML When given xml object, then actual xml should be valid 1`] = `"<?xml version=\\"1.0\\" encoding=\\"utf-8\\"?><d:multistatus xmlns:d=\\"DAV:\\"><d:response><d:href>/sup</d:href><d:propstat><d:prop><d:displayname>sup</d:displayname><d:resourcetype><d:collection/></d:resourcetype></d:prop><d:status>HTTP/1.1 200 OK</d:status></d:propstat></d:response><d:response><d:href>/sup/not much</d:href><d:propstat><d:prop><d:displayname>not much</d:displayname><d:getcontentlength>1200</d:getcontentlength><d:getcontenttype>video/mp4</d:getcontenttype><d:getlastmodified>Tue, 05 Nov 2019 20:20:58 GMT</d:getlastmodified></d:prop><d:status>HTTP/1.1 200 OK</d:status></d:propstat></d:response></d:multistatus>"`;
